// Jest Snapshot v1, https://goo.gl/fbAQLP

exports[`routes: <AppRoutes /> should render correctly 1`] = `
<Switch>
  <Route
    component={[Function]}
    exact={true}
    path="/"
  />
</Switch>
`;
