// Jest Snapshot v1, https://goo.gl/fbAQLP

exports[`pages: <HomePage /> should render correctly 1`] = `
<div>
  HomePage
</div>
`;
